// Jest Snapshot v1, https://goo.gl/fbAQLP

exports[`bottom-tab-bar should render correctly 1`] = `
<View
  collapsable={false}
  jestAnimatedStyle={
    {
      "value": {},
    }
  }
  style={
    {
      "backgroundColor": "hsl(0, 0%, 0%)",
      "borderRadius": 64,
      "flex": 1,
      "flexGrow": 1,
      "height": 64,
      "maxWidth": 400,
      "minWidth": 288,
      "padding": 8,
    }
  }
  testID="tab-bar"
>
  <View
    collapsable={false}
    jestAnimatedStyle={
      {
        "value": {
          "opacity": 1,
        },
      }
    }
    style={
      {
        "alignItems": "center",
        "flex": 1,
        "flexDirection": "row",
        "justifyContent": "space-between",
        "opacity": 1,
      }
    }
  >
    <View
      collapsable={false}
      jestAnimatedStyle={
        {
          "value": {
            "position": "absolute",
            "transform": [
              {
                "translateX": 0,
              },
            ],
          },
        }
      }
      style={
        {
          "position": "absolute",
          "transform": [
            {
              "translateX": 0,
            },
          ],
        }
      }
    >
      <View
        size={48}
        style={
          [
            {
              "alignItems": "center",
              "backgroundColor": "hsl(0, 0%, 100%)",
              "borderRadius": 9999,
              "height": 48,
              "justifyContent": "center",
              "width": 48,
            },
          ]
        }
      />
    </View>
    <View
      onLayout={[Function]}
    >
      <View
        accessibilityLabel="Home"
        accessibilityRole="button"
        accessibilityState={
          {
            "busy": undefined,
            "checked": undefined,
            "disabled": undefined,
            "expanded": undefined,
            "selected": undefined,
          }
        }
        accessibilityValue={
          {
            "max": undefined,
            "min": undefined,
            "now": undefined,
            "text": undefined,
          }
        }
        accessible={true}
        collapsable={false}
        focusable={true}
        onClick={[Function]}
        onResponderGrant={[Function]}
        onResponderMove={[Function]}
        onResponderRelease={[Function]}
        onResponderTerminate={[Function]}
        onResponderTerminationRequest={[Function]}
        onStartShouldSetResponder={[Function]}
        style={
          {
            "opacity": 1,
          }
        }
        testID="tab-item-index"
      >
        <View
          size={48}
          style={
            [
              {
                "alignItems": "center",
                "borderRadius": 9999,
                "height": 48,
                "justifyContent": "center",
                "width": 48,
              },
            ]
          }
        >
          <Text />
        </View>
      </View>
    </View>
    <View
      onLayout={[Function]}
    >
      <View
        accessibilityLabel="Shop"
        accessibilityRole="button"
        accessibilityState={
          {
            "busy": undefined,
            "checked": undefined,
            "disabled": undefined,
            "expanded": undefined,
            "selected": true,
          }
        }
        accessibilityValue={
          {
            "max": undefined,
            "min": undefined,
            "now": undefined,
            "text": undefined,
          }
        }
        accessible={true}
        collapsable={false}
        focusable={true}
        onClick={[Function]}
        onResponderGrant={[Function]}
        onResponderMove={[Function]}
        onResponderRelease={[Function]}
        onResponderTerminate={[Function]}
        onResponderTerminationRequest={[Function]}
        onStartShouldSetResponder={[Function]}
        style={
          {
            "opacity": 1,
          }
        }
        testID="tab-item-shop-focused"
      >
        <View
          size={48}
          style={
            [
              {
                "alignItems": "center",
                "borderRadius": 9999,
                "height": 48,
                "justifyContent": "center",
                "width": 48,
              },
            ]
          }
        >
          <Text />
        </View>
      </View>
    </View>
    <View
      onLayout={[Function]}
    >
      <View
        accessibilityLabel="Favourites"
        accessibilityRole="button"
        accessibilityState={
          {
            "busy": undefined,
            "checked": undefined,
            "disabled": undefined,
            "expanded": undefined,
            "selected": undefined,
          }
        }
        accessibilityValue={
          {
            "max": undefined,
            "min": undefined,
            "now": undefined,
            "text": undefined,
          }
        }
        accessible={true}
        collapsable={false}
        focusable={true}
        onClick={[Function]}
        onResponderGrant={[Function]}
        onResponderMove={[Function]}
        onResponderRelease={[Function]}
        onResponderTerminate={[Function]}
        onResponderTerminationRequest={[Function]}
        onStartShouldSetResponder={[Function]}
        style={
          {
            "opacity": 1,
          }
        }
        testID="tab-item-favourites"
      >
        <View
          size={48}
          style={
            [
              {
                "alignItems": "center",
                "borderRadius": 9999,
                "height": 48,
                "justifyContent": "center",
                "width": 48,
              },
            ]
          }
        >
          <Text />
        </View>
      </View>
    </View>
    <View
      onLayout={[Function]}
    >
      <View
        accessibilityLabel="Cart"
        accessibilityRole="button"
        accessibilityState={
          {
            "busy": undefined,
            "checked": undefined,
            "disabled": undefined,
            "expanded": undefined,
            "selected": undefined,
          }
        }
        accessibilityValue={
          {
            "max": undefined,
            "min": undefined,
            "now": undefined,
            "text": undefined,
          }
        }
        accessible={true}
        collapsable={false}
        focusable={true}
        onClick={[Function]}
        onResponderGrant={[Function]}
        onResponderMove={[Function]}
        onResponderRelease={[Function]}
        onResponderTerminate={[Function]}
        onResponderTerminationRequest={[Function]}
        onStartShouldSetResponder={[Function]}
        style={
          {
            "opacity": 1,
          }
        }
        testID="tab-item-bag"
      >
        <View
          size={48}
          style={
            [
              {
                "alignItems": "center",
                "borderRadius": 9999,
                "height": 48,
                "justifyContent": "center",
                "width": 48,
              },
            ]
          }
        >
          <Text />
        </View>
      </View>
    </View>
    <View
      onLayout={[Function]}
    >
      <View
        accessibilityLabel="Profile"
        accessibilityRole="button"
        accessibilityState={
          {
            "busy": undefined,
            "checked": undefined,
            "disabled": undefined,
            "expanded": undefined,
            "selected": undefined,
          }
        }
        accessibilityValue={
          {
            "max": undefined,
            "min": undefined,
            "now": undefined,
            "text": undefined,
          }
        }
        accessible={true}
        collapsable={false}
        focusable={true}
        onClick={[Function]}
        onResponderGrant={[Function]}
        onResponderMove={[Function]}
        onResponderRelease={[Function]}
        onResponderTerminate={[Function]}
        onResponderTerminationRequest={[Function]}
        onStartShouldSetResponder={[Function]}
        style={
          {
            "opacity": 1,
          }
        }
        testID="tab-item-profile"
      >
        <View
          size={48}
          style={
            [
              {
                "alignItems": "center",
                "borderRadius": 9999,
                "height": 48,
                "justifyContent": "center",
                "width": 48,
              },
            ]
          }
        >
          <Text />
        </View>
      </View>
    </View>
  </View>
</View>
`;
