// Jest Snapshot v1, https://goo.gl/fbAQLP

exports[`circle should renders correctly 1`] = `
<View
  size={100}
  style={
    [
      {
        "alignItems": "center",
        "backgroundColor": "hsl(0, 0%, 0%)",
        "borderRadius": 9999,
        "height": 100,
        "justifyContent": "center",
        "width": 100,
      },
    ]
  }
/>
`;
